// Jest Snapshot v1, https://goo.gl/fbAQLP

exports[`renders correctly 1`] = `
ShallowWrapper {
  "length": 1,
  Symbol(enzyme.__root__): [Circular],
  Symbol(enzyme.__unrendered__): <App />,
  Symbol(enzyme.__renderer__): Object {
    "batchedUpdates": [Function],
    "getNode": [Function],
    "render": [Function],
    "simulateEvent": [Function],
    "unmount": [Function],
  },
  Symbol(enzyme.__node__): Object {
    "instance": null,
    "key": undefined,
    "nodeType": "host",
    "props": Object {
      "children": Array [
        <div>
          Header
        </div>,
        <Switch>
          <Route
            component={[Function]}
            exact={true}
            path="/dashboard"
          />
          <Route
            component={[Function]}
            exact={true}
            path="/people"
          />
          <Route
            component={[Function]}
            exact={true}
            path="/companies"
          />
          <Route
            component={[Function]}
            exact={true}
            path="/leads"
          />
          <Route
            component={[Function]}
            exact={true}
            path="/opportunities"
          />
          <Route
            component={[Function]}
            exact={true}
            path="/contacts"
          />
          <Route
            component={[Function]}
            exact={true}
            path="/accounts"
          />
        </Switch>,
      ],
    },
    "ref": null,
    "rendered": Array [
      Object {
        "instance": null,
        "key": undefined,
        "nodeType": "host",
        "props": Object {
          "children": "Header",
        },
        "ref": null,
        "rendered": "Header",
        "type": "div",
      },
      Object {
        "instance": null,
        "key": undefined,
        "nodeType": "class",
        "props": Object {
          "children": Array [
            <Route
              component={[Function]}
              exact={true}
              path="/dashboard"
            />,
            <Route
              component={[Function]}
              exact={true}
              path="/people"
            />,
            <Route
              component={[Function]}
              exact={true}
              path="/companies"
            />,
            <Route
              component={[Function]}
              exact={true}
              path="/leads"
            />,
            <Route
              component={[Function]}
              exact={true}
              path="/opportunities"
            />,
            <Route
              component={[Function]}
              exact={true}
              path="/contacts"
            />,
            <Route
              component={[Function]}
              exact={true}
              path="/accounts"
            />,
          ],
        },
        "ref": null,
        "rendered": Array [
          Object {
            "instance": null,
            "key": undefined,
            "nodeType": "class",
            "props": Object {
              "component": [Function],
              "exact": true,
              "path": "/dashboard",
            },
            "ref": null,
            "rendered": null,
            "type": [Function],
          },
          Object {
            "instance": null,
            "key": undefined,
            "nodeType": "class",
            "props": Object {
              "component": [Function],
              "exact": true,
              "path": "/people",
            },
            "ref": null,
            "rendered": null,
            "type": [Function],
          },
          Object {
            "instance": null,
            "key": undefined,
            "nodeType": "class",
            "props": Object {
              "component": [Function],
              "exact": true,
              "path": "/companies",
            },
            "ref": null,
            "rendered": null,
            "type": [Function],
          },
          Object {
            "instance": null,
            "key": undefined,
            "nodeType": "class",
            "props": Object {
              "component": [Function],
              "exact": true,
              "path": "/leads",
            },
            "ref": null,
            "rendered": null,
            "type": [Function],
          },
          Object {
            "instance": null,
            "key": undefined,
            "nodeType": "class",
            "props": Object {
              "component": [Function],
              "exact": true,
              "path": "/opportunities",
            },
            "ref": null,
            "rendered": null,
            "type": [Function],
          },
          Object {
            "instance": null,
            "key": undefined,
            "nodeType": "class",
            "props": Object {
              "component": [Function],
              "exact": true,
              "path": "/contacts",
            },
            "ref": null,
            "rendered": null,
            "type": [Function],
          },
          Object {
            "instance": null,
            "key": undefined,
            "nodeType": "class",
            "props": Object {
              "component": [Function],
              "exact": true,
              "path": "/accounts",
            },
            "ref": null,
            "rendered": null,
            "type": [Function],
          },
        ],
        "type": [Function],
      },
    ],
    "type": "div",
  },
  Symbol(enzyme.__nodes__): Array [
    Object {
      "instance": null,
      "key": undefined,
      "nodeType": "host",
      "props": Object {
        "children": Array [
          <div>
            Header
          </div>,
          <Switch>
            <Route
              component={[Function]}
              exact={true}
              path="/dashboard"
            />
            <Route
              component={[Function]}
              exact={true}
              path="/people"
            />
            <Route
              component={[Function]}
              exact={true}
              path="/companies"
            />
            <Route
              component={[Function]}
              exact={true}
              path="/leads"
            />
            <Route
              component={[Function]}
              exact={true}
              path="/opportunities"
            />
            <Route
              component={[Function]}
              exact={true}
              path="/contacts"
            />
            <Route
              component={[Function]}
              exact={true}
              path="/accounts"
            />
          </Switch>,
        ],
      },
      "ref": null,
      "rendered": Array [
        Object {
          "instance": null,
          "key": undefined,
          "nodeType": "host",
          "props": Object {
            "children": "Header",
          },
          "ref": null,
          "rendered": "Header",
          "type": "div",
        },
        Object {
          "instance": null,
          "key": undefined,
          "nodeType": "class",
          "props": Object {
            "children": Array [
              <Route
                component={[Function]}
                exact={true}
                path="/dashboard"
              />,
              <Route
                component={[Function]}
                exact={true}
                path="/people"
              />,
              <Route
                component={[Function]}
                exact={true}
                path="/companies"
              />,
              <Route
                component={[Function]}
                exact={true}
                path="/leads"
              />,
              <Route
                component={[Function]}
                exact={true}
                path="/opportunities"
              />,
              <Route
                component={[Function]}
                exact={true}
                path="/contacts"
              />,
              <Route
                component={[Function]}
                exact={true}
                path="/accounts"
              />,
            ],
          },
          "ref": null,
          "rendered": Array [
            Object {
              "instance": null,
              "key": undefined,
              "nodeType": "class",
              "props": Object {
                "component": [Function],
                "exact": true,
                "path": "/dashboard",
              },
              "ref": null,
              "rendered": null,
              "type": [Function],
            },
            Object {
              "instance": null,
              "key": undefined,
              "nodeType": "class",
              "props": Object {
                "component": [Function],
                "exact": true,
                "path": "/people",
              },
              "ref": null,
              "rendered": null,
              "type": [Function],
            },
            Object {
              "instance": null,
              "key": undefined,
              "nodeType": "class",
              "props": Object {
                "component": [Function],
                "exact": true,
                "path": "/companies",
              },
              "ref": null,
              "rendered": null,
              "type": [Function],
            },
            Object {
              "instance": null,
              "key": undefined,
              "nodeType": "class",
              "props": Object {
                "component": [Function],
                "exact": true,
                "path": "/leads",
              },
              "ref": null,
              "rendered": null,
              "type": [Function],
            },
            Object {
              "instance": null,
              "key": undefined,
              "nodeType": "class",
              "props": Object {
                "component": [Function],
                "exact": true,
                "path": "/opportunities",
              },
              "ref": null,
              "rendered": null,
              "type": [Function],
            },
            Object {
              "instance": null,
              "key": undefined,
              "nodeType": "class",
              "props": Object {
                "component": [Function],
                "exact": true,
                "path": "/contacts",
              },
              "ref": null,
              "rendered": null,
              "type": [Function],
            },
            Object {
              "instance": null,
              "key": undefined,
              "nodeType": "class",
              "props": Object {
                "component": [Function],
                "exact": true,
                "path": "/accounts",
              },
              "ref": null,
              "rendered": null,
              "type": [Function],
            },
          ],
          "type": [Function],
        },
      ],
      "type": "div",
    },
  ],
  Symbol(enzyme.__options__): Object {
    "adapter": ReactSixteenAdapter {
      "options": Object {
        "enableComponentDidUpdateOnSetState": true,
      },
    },
    "disableLifecycleMethods": true,
  },
}
`;
